{
  "power": {
    "timeUnit":"QUARTER_OF_AN_HOUR",
    "unit":"W",
    "measuredBy":"INVERTER",
    "values": [
      {"date":"2019-12-23 12:00:00","value":1271.1292},
      {"date":"2019-12-23 12:15:00","value":1904.7194},
      {"date":"2019-12-23 12:30:00","value":1481.9635},
      {"date":"2019-12-23 12:45:00","value":1355.8315},
      {"date":"2019-12-23 13:00:00","value":1635.9435},
      {"date":"2019-12-23 13:15:00","value":4058.217},
      {"date":"2019-12-23 13:30:00","value":4024.957},
      {"date":"2019-12-23 13:45:00","value":3673.22},
      {"date":"2019-12-23 14:00:00","value":3439.1726},
      {"date":"2019-12-23 14:15:00","value":3189.4937},
      {"date":"2019-12-23 14:30:00","value":2793.9817},
      {"date":"2019-12-23 14:45:00","value":2602.0034},
      {"date":"2019-12-23 15:00:00","value":2254.789},
      {"date":"2019-12-23 15:15:00","value":1764.8114},
      {"date":"2019-12-23 15:30:00","value":1090.1637},
      {"date":"2019-12-23 15:45:00","value":499.95966},
      {"date":"2019-12-23 16:00:00","value":171.60283},
      {"date":"2019-12-23 16:15:00","value":95.6868},
      {"date":"2019-12-23 16:30:00","value":33.120293},
      {"date":"2019-12-23 16:45:00","value":0.0},
      {"date":"2019-12-23 17:00:00","value":0.0},
      {"date":"2019-12-23 17:15:00","value":null},
      {"date":"2019-12-23 17:30:00","value":null},
      {"date":"2019-12-23 17:45:00","value":null},
      {"date":"2019-12-23 18:00:00","value":null},
      {"date":"2019-12-23 18:15:00","value":null},
      {"date":"2019-12-23 18:30:00","value":null},
      {"date":"2019-12-23 18:45:00","value":null},
      {"date":"2019-12-23 19:00:00","value":null},
      {"date":"2019-12-23 19:15:00","value":null},
      {"date":"2019-12-23 19:30:00","value":null},
      {"date":"2019-12-23 19:45:00","value":null},
      {"date":"2019-12-23 20:00:00","value":null},
      {"date":"2019-12-23 20:15:00","value":null},
      {"date":"2019-12-23 20:30:00","value":null},
      {"date":"2019-12-23 20:45:00","value":null},
      {"date":"2019-12-23 21:00:00","value":null},
      {"date":"2019-12-23 21:15:00","value":null},
      {"date":"2019-12-23 21:30:00","value":null},
      {"date":"2019-12-23 21:45:00","value":null},
      {"date":"2019-12-23 22:00:00","value":null},
      {"date":"2019-12-23 22:15:00","value":null},
      {"date":"2019-12-23 22:30:00","value":null},
      {"date":"2019-12-23 22:45:00","value":null},
      {"date":"2019-12-23 23:00:00","value":null},
      {"date":"2019-12-23 23:15:00","value":null},
      {"date":"2019-12-23 23:30:00","value":null},
      {"date":"2019-12-23 23:45:00","value":null}
    ]
  }
}
