{
  "fulfillmentMessages": [{
    "platform": "ACTIONS_ON_GOOGLE",
    "basicCard": {
      "title": "title",
      "subtitle": "subtitle",
      "formattedText": "text"
    }
  }]
}
