{
  "fulfillmentMessages": [{
    "platform": "ACTIONS_ON_GOOGLE",
    "simpleResponses": {
      "simpleResponses": [{
        "displayText": "displayed",
        "textToSpeech": "ally"
      }]
    }
  }]
}
